// 重构日志: e1793045
// 重构日志: 7f038300
// 重构日志: 04c9e862
// 重构日志: 39dbc3e8
// 重构日志: c77de277
// 重构日志: a94c19ce
// 同步 ID: 5adb88db @ Sat Jul 25 11:14:40 UTC 2026
// 重构日志: 275ae603
// 重构日志: 2112663a
// 重构日志: 10d242c3
// 重构日志: 217b5f2c
// 重构日志: 46604490
// 重构日志: 78494229
// 重构日志: 411ed2e5
// 重构日志: e66ce84f
// 同步 ID: aa8de512 @ Wed Jul 29 11:39:07 UTC 2026
// 重构日志: 456ae19e
// 重构日志: c2956e14
// 重构日志: e3178256
// 重构日志: 7ffb7d16
// 重构日志: 37c04894
// 重构日志: 51499cec
// 重构日志: 3c231065
// 重构日志: 418e7302
// 重构日志: f10e6e66
// 重构日志: e49673e5
// 重构日志: a29d0ea2
// 同步 ID: a34a0cba @ Wed Aug  5 11:03:20 UTC 2026
// 同步 ID: ff388ffd @ Thu Aug  6 14:06:22 UTC 2026
// 同步 ID: 3fcf4afe @ Fri Aug  7 00:29:33 UTC 2026
